// Jest Snapshot v1, https://goo.gl/fbAQLP

exports[`should render Dashboard correctly 1`] = `
<div>
  <h1>
    Dashboard
  </h1>
</div>
`;
